RAM Allocation [bytes]
Variable                                                                          Address   Size
------------------------------------------------------------------------------------------------
_seed (stdlib.lib)                                                                0x0300       4

EEPROM Allocation [bytes]
Variable                                                                          Address   Size
------------------------------------------------------------------------------------------------

Register Allocation
Variable                                                                          Register  Size
------------------------------------------------------------------------------------------------
flag                                                                              R4           1

FLASH Allocation [words]
Function                                                                          Address   Size
------------------------------------------------------------------------------------------------
main                                                                              0x0007A     40
send_bit_0                                                                        0x000A2     14
send_bit_1                                                                        0x000B0     21
turn_on                                                                           0x000C5      8
turn_off                                                                          0x000CD     10
